###############################################################################
#
# IAR ELF Linker V8.50.4.261/W32 for ARM                  13/Mar/2025  15:08:50
# Copyright 2007-2020 IAR Systems AB.
#
#    Output file  =
#        D:\Project\MyProject\FW_BASE\FW_BASE_Frame\EWARM\HS_FW_BFrame\Exe\HS_FW_BFrame.out
#    Map file     =
#        D:\Project\MyProject\FW_BASE\FW_BASE_Frame\EWARM\HS_FW_BFrame\List\HS_FW_BFrame.map
#    Command line =
#        -f C:\Temp\EW1C6C.tmp
#        (D:\Project\MyProject\FW_BASE\FW_BASE_Frame\EWARM\HS_FW_BFrame\Obj\cmsis_os.o
#        D:\Project\MyProject\FW_BASE\FW_BASE_Frame\EWARM\HS_FW_BFrame\Obj\Common_HAL.o
#        D:\Project\MyProject\FW_BASE\FW_BASE_Frame\EWARM\HS_FW_BFrame\Obj\croutine.o
#        D:\Project\MyProject\FW_BASE\FW_BASE_Frame\EWARM\HS_FW_BFrame\Obj\event_groups.o
#        D:\Project\MyProject\FW_BASE\FW_BASE_Frame\EWARM\HS_FW_BFrame\Obj\freertos.o
#        D:\Project\MyProject\FW_BASE\FW_BASE_Frame\EWARM\HS_FW_BFrame\Obj\FreeRTOS_CLI.o
#        D:\Project\MyProject\FW_BASE\FW_BASE_Frame\EWARM\HS_FW_BFrame\Obj\heap_4.o
#        D:\Project\MyProject\FW_BASE\FW_BASE_Frame\EWARM\HS_FW_BFrame\Obj\hsCLI_App.o
#        D:\Project\MyProject\FW_BASE\FW_BASE_Frame\EWARM\HS_FW_BFrame\Obj\hsCLI_Command.o
#        D:\Project\MyProject\FW_BASE\FW_BASE_Frame\EWARM\HS_FW_BFrame\Obj\hsCommon_Utill.o
#        D:\Project\MyProject\FW_BASE\FW_BASE_Frame\EWARM\HS_FW_BFrame\Obj\hsDEBUG_MS_UART_Print_App.o
#        D:\Project\MyProject\FW_BASE\FW_BASE_Frame\EWARM\HS_FW_BFrame\Obj\hsDebug_MSG.o
#        D:\Project\MyProject\FW_BASE\FW_BASE_Frame\EWARM\HS_FW_BFrame\Obj\hsDrv_MCP4231T_502.o
#        D:\Project\MyProject\FW_BASE\FW_BASE_Frame\EWARM\HS_FW_BFrame\Obj\hsDrv_MCP4728.o
#        D:\Project\MyProject\FW_BASE\FW_BASE_Frame\EWARM\HS_FW_BFrame\Obj\hsGlobalErrorHandle.o
#        D:\Project\MyProject\FW_BASE\FW_BASE_Frame\EWARM\HS_FW_BFrame\Obj\list.o
#        D:\Project\MyProject\FW_BASE\FW_BASE_Frame\EWARM\HS_FW_BFrame\Obj\main.o
#        D:\Project\MyProject\FW_BASE\FW_BASE_Frame\EWARM\HS_FW_BFrame\Obj\port.o
#        D:\Project\MyProject\FW_BASE\FW_BASE_Frame\EWARM\HS_FW_BFrame\Obj\port_hsDEBUG_MS_UART_Print_App.o
#        D:\Project\MyProject\FW_BASE\FW_BASE_Frame\EWARM\HS_FW_BFrame\Obj\port_hsDrv_MCP4728.o
#        D:\Project\MyProject\FW_BASE\FW_BASE_Frame\EWARM\HS_FW_BFrame\Obj\port_MCP4231T.o
#        D:\Project\MyProject\FW_BASE\FW_BASE_Frame\EWARM\HS_FW_BFrame\Obj\portasm.o
#        D:\Project\MyProject\FW_BASE\FW_BASE_Frame\EWARM\HS_FW_BFrame\Obj\queue.o
#        D:\Project\MyProject\FW_BASE\FW_BASE_Frame\EWARM\HS_FW_BFrame\Obj\Rework_PP_Drv.o
#        D:\Project\MyProject\FW_BASE\FW_BASE_Frame\EWARM\HS_FW_BFrame\Obj\startup_stm32l471xx.o
#        D:\Project\MyProject\FW_BASE\FW_BASE_Frame\EWARM\HS_FW_BFrame\Obj\stm32l4xx_hal.o
#        D:\Project\MyProject\FW_BASE\FW_BASE_Frame\EWARM\HS_FW_BFrame\Obj\stm32l4xx_hal_adc.o
#        D:\Project\MyProject\FW_BASE\FW_BASE_Frame\EWARM\HS_FW_BFrame\Obj\stm32l4xx_hal_adc_ex.o
#        D:\Project\MyProject\FW_BASE\FW_BASE_Frame\EWARM\HS_FW_BFrame\Obj\stm32l4xx_hal_cortex.o
#        D:\Project\MyProject\FW_BASE\FW_BASE_Frame\EWARM\HS_FW_BFrame\Obj\stm32l4xx_hal_dma.o
#        D:\Project\MyProject\FW_BASE\FW_BASE_Frame\EWARM\HS_FW_BFrame\Obj\stm32l4xx_hal_dma_ex.o
#        D:\Project\MyProject\FW_BASE\FW_BASE_Frame\EWARM\HS_FW_BFrame\Obj\stm32l4xx_hal_exti.o
#        D:\Project\MyProject\FW_BASE\FW_BASE_Frame\EWARM\HS_FW_BFrame\Obj\stm32l4xx_hal_flash.o
#        D:\Project\MyProject\FW_BASE\FW_BASE_Frame\EWARM\HS_FW_BFrame\Obj\stm32l4xx_hal_flash_ex.o
#        D:\Project\MyProject\FW_BASE\FW_BASE_Frame\EWARM\HS_FW_BFrame\Obj\stm32l4xx_hal_flash_ramfunc.o
#        D:\Project\MyProject\FW_BASE\FW_BASE_Frame\EWARM\HS_FW_BFrame\Obj\stm32l4xx_hal_gpio.o
#        D:\Project\MyProject\FW_BASE\FW_BASE_Frame\EWARM\HS_FW_BFrame\Obj\stm32l4xx_hal_i2c.o
#        D:\Project\MyProject\FW_BASE\FW_BASE_Frame\EWARM\HS_FW_BFrame\Obj\stm32l4xx_hal_i2c_ex.o
#        D:\Project\MyProject\FW_BASE\FW_BASE_Frame\EWARM\HS_FW_BFrame\Obj\stm32l4xx_hal_msp.o
#        D:\Project\MyProject\FW_BASE\FW_BASE_Frame\EWARM\HS_FW_BFrame\Obj\stm32l4xx_hal_pwr.o
#        D:\Project\MyProject\FW_BASE\FW_BASE_Frame\EWARM\HS_FW_BFrame\Obj\stm32l4xx_hal_pwr_ex.o
#        D:\Project\MyProject\FW_BASE\FW_BASE_Frame\EWARM\HS_FW_BFrame\Obj\stm32l4xx_hal_rcc.o
#        D:\Project\MyProject\FW_BASE\FW_BASE_Frame\EWARM\HS_FW_BFrame\Obj\stm32l4xx_hal_rcc_ex.o
#        D:\Project\MyProject\FW_BASE\FW_BASE_Frame\EWARM\HS_FW_BFrame\Obj\stm32l4xx_hal_spi.o
#        D:\Project\MyProject\FW_BASE\FW_BASE_Frame\EWARM\HS_FW_BFrame\Obj\stm32l4xx_hal_spi_ex.o
#        D:\Project\MyProject\FW_BASE\FW_BASE_Frame\EWARM\HS_FW_BFrame\Obj\stm32l4xx_hal_tim.o
#        D:\Project\MyProject\FW_BASE\FW_BASE_Frame\EWARM\HS_FW_BFrame\Obj\stm32l4xx_hal_tim_ex.o
#        D:\Project\MyProject\FW_BASE\FW_BASE_Frame\EWARM\HS_FW_BFrame\Obj\stm32l4xx_hal_timebase_tim.o
#        D:\Project\MyProject\FW_BASE\FW_BASE_Frame\EWARM\HS_FW_BFrame\Obj\stm32l4xx_hal_uart.o
#        D:\Project\MyProject\FW_BASE\FW_BASE_Frame\EWARM\HS_FW_BFrame\Obj\stm32l4xx_hal_uart_ex.o
#        D:\Project\MyProject\FW_BASE\FW_BASE_Frame\EWARM\HS_FW_BFrame\Obj\stm32l4xx_it.o
#        D:\Project\MyProject\FW_BASE\FW_BASE_Frame\EWARM\HS_FW_BFrame\Obj\stream_buffer.o
#        D:\Project\MyProject\FW_BASE\FW_BASE_Frame\EWARM\HS_FW_BFrame\Obj\system_stm32l4xx.o
#        D:\Project\MyProject\FW_BASE\FW_BASE_Frame\EWARM\HS_FW_BFrame\Obj\tasks.o
#        D:\Project\MyProject\FW_BASE\FW_BASE_Frame\EWARM\HS_FW_BFrame\Obj\timers.o
#        D:\Project\MyProject\FW_BASE\FW_BASE_Frame\EWARM\HS_FW_BFrame\Obj\User_Main.o
#        --no_out_extension -o
#        D:\Project\MyProject\FW_BASE\FW_BASE_Frame\EWARM\HS_FW_BFrame\Exe\HS_FW_BFrame.out
#        --redirect _Printf=_PrintfFullNoMb --redirect _Scanf=_ScanfFullNoMb
#        --map
#        D:\Project\MyProject\FW_BASE\FW_BASE_Frame\EWARM\HS_FW_BFrame\List\HS_FW_BFrame.map
#        --config
#        D:\Project\MyProject\FW_BASE\FW_BASE_Frame\EWARM\stm32l471xx_flash_CCM_RAM.icf
#        --semihosting --entry __iar_program_start --vfe --text_out locale)
#
###############################################################################

*******************************************************************************
*** RUNTIME MODEL ATTRIBUTES
***

CppFlavor       = *
__SystemLibrary = DLib
__dlib_version  = 6


*******************************************************************************
*** HEAP SELECTION
***

The basic heap was selected because no calls to memory allocation
functions were found in the application outside of system library
functions, and there are calls to deallocation functions in the
application.


*******************************************************************************
*** PLACEMENT SUMMARY
***

"A0":  place at address 0x800'0000 { ro section .intvec };
"P1":  place in [from 0x800'0000 to 0x80f'ffff] { ro };
"P2":  place in [from 0x1000'0000 to 0x1000'7fff] { section .ccmram };
"P5":  place in [from 0x1000'0000 to 0x1000'7fff] { };
define block CSTACK with size = 1K, alignment = 8 { };
define block HEAP with size = 512, alignment = 8 { };
"P3":  place in [from 0x2000'0000 to 0x2001'7fff] {
          rw, block CSTACK, block HEAP };
"P4":  place in [from 0x2000'0000 to 0x2001'7fff] { };
initialize by copy { rw, section .ccmram };

  Section            Kind         Address    Size  Object
  -------            ----         -------    ----  ------
"A0":                                       0x188
  .intvec            ro code   0x800'0000   0x188  startup_stm32l471xx.o [1]
                             - 0x800'0188   0x188

"P1":                                      0x94a4
  .text              ro code   0x800'0188   0xfc2  xprintffull_nomb.o [2]
  .text              ro code   0x800'114a    0x3a  zero_init3.o [4]
  .text              ro code   0x800'1184    0x16  strchr.o [4]
  .text              ro code   0x800'119a    0x1a  xsnprout.o [2]
  .text              ro code   0x800'11b4    0x40  xfail_s.o [2]
  .text              ro code   0x800'11f4    0x36  strlen.o [4]
  .rodata            const     0x800'122a     0x2  xlocale_c.o [2]
  .text              ro code   0x800'122c    0x58  memchr.o [4]
  .text              ro code   0x800'1284    0xa6  ABImemcpy.o [4]
  .rodata            const     0x800'132a     0x1  xlocale_c.o [2]
  .text              ro code   0x800'132c    0x70  frexp.o [3]
  .text              ro code   0x800'139c    0x2e  DblCmpLe.o [3]
  .text              ro code   0x800'13cc    0x2e  DblCmpGe.o [3]
  .text              ro code   0x800'13fc   0x13a  ldexp.o [3]
  .text              ro code   0x800'1538    0x3a  DblToS32.o [3]
  .text              ro code   0x800'1574    0x22  S32ToDbl.o [3]
  .text              ro code   0x800'1598    0xe2  DblSub.o [3]
  .text              ro code   0x800'167c   0x246  DblDiv.o [3]
  .text              ro code   0x800'18c4    0x28  DblToU32.o [3]
  .text              ro code   0x800'18ec    0x1a  U32ToDbl.o [3]
  .text              ro code   0x800'1908   0x1a2  DblMul.o [3]
  .text              ro code   0x800'1aac     0x8  xlocale_c.o [2]
  .text              ro code   0x800'1ab4   0x230  I64DivMod.o [4]
  .text              ro code   0x800'1ce4     0x6  abort.o [2]
  .text              ro code   0x800'1cec   0x16a  DblAdd.o [3]
  .text              ro code   0x800'1e58     0x2  I64DivZer.o [4]
  .text              ro code   0x800'1e5c    0x14  exit.o [5]
  .text              ro code   0x800'1e70   0xf04  stm32l4xx_hal_uart.o [1]
  .text              ro code   0x800'2d74   0x540  stm32l4xx_hal_msp.o [1]
  .text              ro code   0x800'32b4   0x36a  stm32l4xx_hal_dma.o [1]
  .text              ro code   0x800'361e     0x2  stm32l4xx_hal_uart.o [1]
  .text              ro code   0x800'3620     0x2  stm32l4xx_hal_uart.o [1]
  .text              ro code   0x800'3622     0x2  stm32l4xx_hal_uart_ex.o [1]
  .text              ro code   0x800'3624   0x9c8  stm32l4xx_hal_rcc.o [1]
  .text              ro code   0x800'3fec   0x268  Common_HAL.o [1]
  .text              ro code   0x800'4254     0x2  stm32l4xx_hal_uart.o [1]
  .text              ro code   0x800'4258   0x114  stm32l4xx_hal_cortex.o [1]
  .text              ro code   0x800'436c    0x14  memset.o [4]
  .text              ro code   0x800'4380   0x6ec  stm32l4xx_hal_rcc_ex.o [1]
  .text              ro code   0x800'4a6c   0x668  main.o [1]
  .text              ro code   0x800'50d4   0x244  stm32l4xx_hal_gpio.o [1]
  .text              ro code   0x800'5318    0xb8  stm32l4xx_hal_timebase_tim.o [1]
  .text              ro code   0x800'53d0    0x94  stm32l4xx_hal_pwr_ex.o [1]
  .text              ro code   0x800'5464    0x4c  Rework_PP_Drv.o [1]
  .text              ro code   0x800'54b0    0xc4  hsGlobalErrorHandle.o [1]
  .text              ro code   0x800'5574    0x66  ABImemset.o [4]
  .text              ro code   0x800'55dc    0x24  stm32l4xx_hal.o [1]
  .text              ro code   0x800'5600    0x9e  User_Main.o [1]
  .text              ro code   0x800'56a0     0xa  cmsis_os.o [1]
  .text              ro code   0x800'56ac   0x7f0  stm32l4xx_hal_adc.o [1]
  .text              ro code   0x800'5e9c    0xde  stm32l4xx_hal_i2c.o [1]
  .text              ro code   0x800'5f7c    0xc6  stm32l4xx_hal_i2c_ex.o [1]
  .text              ro code   0x800'6044    0xf8  stm32l4xx_hal_spi.o [1]
  .text              ro code   0x800'613c   0x98a  stm32l4xx_hal_tim.o [1]
  .text              ro code   0x800'6ac8    0xb4  stm32l4xx_hal_tim_ex.o [1]
  .text              ro code   0x800'6b7c   0x99a  queue.o [1]
  .text              ro code   0x800'7518   0xcd0  tasks.o [1]
  .text              ro code   0x800'81e8   0x28c  hsDEBUG_MS_UART_Print_App.o [1]
  .text              ro code   0x800'8474   0x198  hsCLI_App.o [1]
  .text              ro code   0x800'860c     0x2  stm32l4xx_hal_tim.o [1]
  .text              ro code   0x800'860e     0x2  stm32l4xx_hal_tim.o [1]
  .text              ro code   0x800'8610     0x2  stm32l4xx_hal_tim.o [1]
  .text              ro code   0x800'8612     0x2  stm32l4xx_hal_tim.o [1]
  .text              ro code   0x800'8614     0x2  stm32l4xx_hal_tim_ex.o [1]
  .text              ro code   0x800'8616     0x2  stm32l4xx_hal_tim_ex.o [1]
  .text              ro code   0x800'8618     0x2  stm32l4xx_hal_tim.o [1]
  .text              ro code   0x800'861a     0x2  stm32l4xx_hal_tim_ex.o [1]
  .text              ro code   0x800'861c   0x25c  port.o [1]
  .text              ro code   0x800'8878    0x9a  list.o [1]
  .text              ro code   0x800'8914   0x288  heap_4.o [1]
  .text              ro code   0x800'8b9c    0x18  freertos.o [1]
  .text              ro code   0x800'8bb4    0x48  port_hsDEBUG_MS_UART_Print_App.o [1]
  .text              ro code   0x800'8bfc    0x8c  hsDebug_MSG.o [1]
  .text              ro code   0x800'8c88   0x1f0  FreeRTOS_CLI.o [1]
  CODE               ro code   0x800'8e78    0xb0  portasm.o [1]
  .text              ro code   0x800'8f28    0x3c  vsnprint.o [2]
  .text              ro code   0x800'8f64    0x28  strncmp.o [2]
  .text              ro code   0x800'8f8c    0x70  strncpy.o [4]
  .text              ro code   0x800'8ffc    0x68  hsCLI_Command.o [1]
  .text              ro code   0x800'9064    0x44  snprintf.o [2]
  .text              ro code   0x800'90a8    0x60  stm32l4xx_it.o [1]
  .rodata            const     0x800'9108    0x58  FreeRTOS_CLI.o [1]
  .rodata            const     0x800'9160    0x50  FreeRTOS_CLI.o [1]
  .text              ro code   0x800'91b0    0x38  packbits_init_single.o [4]
  .rodata            const     0x800'91e8    0x30  hsCLI_App.o [1]
  .rodata            const     0x800'9218    0x30  hsCLI_Command.o [1]
  .rodata            const     0x800'9248    0x30  system_stm32l4xx.o [1]
  .rodata            const     0x800'9278    0x2c  FreeRTOS_CLI.o [1]
  .text              ro code   0x800'92a4    0x28  data_init.o [4]
  .rodata            const     0x800'92cc    0x24  hsCLI_Command.o [1]
  .text              ro code   0x800'92f0    0x22  fpinit_M.o [3]
  .iar.init_table    const     0x800'9314    0x28  - Linker created -
  .text              ro code   0x800'933c    0x1e  cmain.o [4]
  .text              ro code   0x800'935a     0x4  low_level_init.o [2]
  .text              ro code   0x800'935e     0x4  exit.o [2]
  .text              ro code   0x800'9364     0xa  cexit.o [4]
  .rodata            const     0x800'9370    0x1c  hsCLI_Command.o [1]
  .rodata            const     0x800'938c    0x1c  hsCLI_Command.o [1]
  .rodata            const     0x800'93a8    0x18  hsCLI_Command.o [1]
  .rodata            const     0x800'93c0    0x18  hsCLI_Command.o [1]
  .rodata            const     0x800'93d8    0x18  hsCLI_Command.o [1]
  .rodata            const     0x800'93f0    0x18  hsCLI_Command.o [1]
  .rodata            const     0x800'9408    0x10  FreeRTOS_CLI.o [1]
  .rodata            const     0x800'9418    0x10  system_stm32l4xx.o [1]
  .text              ro code   0x800'9428    0x10  startup_stm32l471xx.o [1]
  .text              ro code   0x800'9438    0x10  system_stm32l4xx.o [1]
  .rodata            const     0x800'9448     0xc  hsCLI_Command.o [1]
  .rodata            const     0x800'9454     0xc  hsDEBUG_MS_UART_Print_App.o [1]
  .text              ro code   0x800'9460     0xc  cstartup_M.o [4]
  .rodata            const     0x800'946c     0x8  FreeRTOS_CLI.o [1]
  .rodata            const     0x800'9474     0x8  hsCLI_App.o [1]
  .rodata            const     0x800'947c     0x8  hsCLI_App.o [1]
  .rodata            const     0x800'9484     0x8  hsCLI_Command.o [1]
  .rodata            const     0x800'948c     0x8  system_stm32l4xx.o [1]
  .rodata            const     0x800'9494     0x8  tasks.o [1]
  .rodata            const     0x800'949c     0x8  User_Main.o [1]
  .rodata            const     0x800'94a4     0x8  xprintffull_nomb.o [2]
  .rodata            const     0x800'94ac     0x4  heap_4.o [1]
  .rodata            const     0x800'94b0     0x4  hsCLI_App.o [1]
  .rodata            const     0x800'94b4     0x4  hsCLI_Command.o [1]
  .rodata            const     0x800'94b8     0x4  port.o [1]
  .text              ro code   0x800'94bc     0x4  startup_stm32l471xx.o [1]
  .text              ro code   0x800'94c0     0x4  startup_stm32l471xx.o [1]
  .text              ro code   0x800'94c4     0x4  startup_stm32l471xx.o [1]
  .text              ro code   0x800'94c8     0x4  startup_stm32l471xx.o [1]
  .text              ro code   0x800'94cc     0x4  startup_stm32l471xx.o [1]
  .text              ro code   0x800'94d0     0x4  startup_stm32l471xx.o [1]
  .text              ro code   0x800'94d4     0x4  startup_stm32l471xx.o [1]
  .text              ro code   0x800'94d8     0x4  startup_stm32l471xx.o [1]
  .text              ro code   0x800'94dc     0x4  startup_stm32l471xx.o [1]
  .text              ro code   0x800'94e0     0x4  startup_stm32l471xx.o [1]
  .text              ro code   0x800'94e4     0x4  startup_stm32l471xx.o [1]
  .text              ro code   0x800'94e8     0x4  startup_stm32l471xx.o [1]
  .text              ro code   0x800'94ec     0x4  startup_stm32l471xx.o [1]
  .text              ro code   0x800'94f0     0x4  startup_stm32l471xx.o [1]
  .text              ro code   0x800'94f4     0x4  startup_stm32l471xx.o [1]
  .text              ro code   0x800'94f8     0x4  startup_stm32l471xx.o [1]
  .text              ro code   0x800'94fc     0x4  startup_stm32l471xx.o [1]
  .text              ro code   0x800'9500     0x4  startup_stm32l471xx.o [1]
  .text              ro code   0x800'9504     0x4  startup_stm32l471xx.o [1]
  .text              ro code   0x800'9508     0x4  startup_stm32l471xx.o [1]
  .text              ro code   0x800'950c     0x4  startup_stm32l471xx.o [1]
  .text              ro code   0x800'9510     0x4  startup_stm32l471xx.o [1]
  .text              ro code   0x800'9514     0x4  startup_stm32l471xx.o [1]
  .text              ro code   0x800'9518     0x4  startup_stm32l471xx.o [1]
  .text              ro code   0x800'951c     0x4  startup_stm32l471xx.o [1]
  .text              ro code   0x800'9520     0x4  startup_stm32l471xx.o [1]
  .text              ro code   0x800'9524     0x4  startup_stm32l471xx.o [1]
  .text              ro code   0x800'9528     0x4  startup_stm32l471xx.o [1]
  .text              ro code   0x800'952c     0x4  startup_stm32l471xx.o [1]
  .text              ro code   0x800'9530     0x4  startup_stm32l471xx.o [1]
  .text              ro code   0x800'9534     0x4  startup_stm32l471xx.o [1]
  .text              ro code   0x800'9538     0x4  startup_stm32l471xx.o [1]
  .text              ro code   0x800'953c     0x4  startup_stm32l471xx.o [1]
  .text              ro code   0x800'9540     0x4  startup_stm32l471xx.o [1]
  .text              ro code   0x800'9544     0x4  startup_stm32l471xx.o [1]
  .text              ro code   0x800'9548     0x4  startup_stm32l471xx.o [1]
  .text              ro code   0x800'954c     0x4  startup_stm32l471xx.o [1]
  .text              ro code   0x800'9550     0x4  startup_stm32l471xx.o [1]
  .text              ro code   0x800'9554     0x4  startup_stm32l471xx.o [1]
  .text              ro code   0x800'9558     0x4  startup_stm32l471xx.o [1]
  .text              ro code   0x800'955c     0x4  startup_stm32l471xx.o [1]
  .text              ro code   0x800'9560     0x4  startup_stm32l471xx.o [1]
  .text              ro code   0x800'9564     0x4  startup_stm32l471xx.o [1]
  .text              ro code   0x800'9568     0x4  startup_stm32l471xx.o [1]
  .text              ro code   0x800'956c     0x4  startup_stm32l471xx.o [1]
  .text              ro code   0x800'9570     0x4  startup_stm32l471xx.o [1]
  .text              ro code   0x800'9574     0x4  startup_stm32l471xx.o [1]
  .text              ro code   0x800'9578     0x4  startup_stm32l471xx.o [1]
  .text              ro code   0x800'957c     0x4  startup_stm32l471xx.o [1]
  .text              ro code   0x800'9580     0x4  startup_stm32l471xx.o [1]
  .text              ro code   0x800'9584     0x4  startup_stm32l471xx.o [1]
  .text              ro code   0x800'9588     0x4  startup_stm32l471xx.o [1]
  .text              ro code   0x800'958c     0x4  startup_stm32l471xx.o [1]
  .text              ro code   0x800'9590     0x4  startup_stm32l471xx.o [1]
  .text              ro code   0x800'9594     0x4  startup_stm32l471xx.o [1]
  .text              ro code   0x800'9598     0x4  startup_stm32l471xx.o [1]
  .text              ro code   0x800'959c     0x4  startup_stm32l471xx.o [1]
  .text              ro code   0x800'95a0     0x4  startup_stm32l471xx.o [1]
  .text              ro code   0x800'95a4     0x4  startup_stm32l471xx.o [1]
  .text              ro code   0x800'95a8     0x4  startup_stm32l471xx.o [1]
  .text              ro code   0x800'95ac     0x4  startup_stm32l471xx.o [1]
  .text              ro code   0x800'95b0     0x4  startup_stm32l471xx.o [1]
  .text              ro code   0x800'95b4     0x4  startup_stm32l471xx.o [1]
  .text              ro code   0x800'95b8     0x4  startup_stm32l471xx.o [1]
  .text              ro code   0x800'95bc     0x4  startup_stm32l471xx.o [1]
  .text              ro code   0x800'95c0     0x4  startup_stm32l471xx.o [1]
  .text              ro code   0x800'95c4     0x4  startup_stm32l471xx.o [1]
  .text              ro code   0x800'95c8     0x4  startup_stm32l471xx.o [1]
  .text              ro code   0x800'95cc     0x4  startup_stm32l471xx.o [1]
  .text              ro code   0x800'95d0     0x4  startup_stm32l471xx.o [1]
  .text              ro code   0x800'95d4     0x4  startup_stm32l471xx.o [1]
  .text              ro code   0x800'95d8     0x4  startup_stm32l471xx.o [1]
  .text              ro code   0x800'95dc     0x4  startup_stm32l471xx.o [1]
  .rodata            const     0x800'95e0     0x0  zero_init3.o [4]
  .rodata            const     0x800'95e0     0x0  packbits_init_single.o [4]
  Initializer bytes  const     0x800'95e0    0x4c  <for P3-P4-1>
                             - 0x800'962c  0x94a4

"P2|P5":                                   0x8000
  .ccmram            zero     0x1000'0000  0x8000  main.o [1]
                            - 0x1000'8000  0x8000

"P3-P4", part 1 of 3:                        0x59
  P3-P4-1                     0x2000'0000    0x59  <Init block>
    .data            inited   0x2000'0000     0x8  FreeRTOS_CLI.o [1]
    .data            inited   0x2000'0008     0x4  FreeRTOS_CLI.o [1]
    .data            inited   0x2000'000c     0x4  hsCLI_App.o [1]
    .data            inited   0x2000'0010     0x4  hsCLI_App.o [1]
    .data            inited   0x2000'0014     0x4  port.o [1]
    .data            inited   0x2000'0018     0x4  stm32l4xx_hal.o [1]
    .data            inited   0x2000'001c     0x4  system_stm32l4xx.o [1]
    .data            inited   0x2000'0020    0x38  xlocale_c.o [2]
    .data            inited   0x2000'0058     0x1  stm32l4xx_hal.o [1]
                            - 0x2000'0059    0x59

"P3-P4", part 2 of 3:                       0xacc
  .bss               zero     0x2000'005c   0x200  freertos.o [1]
  .bss               zero     0x2000'025c    0xc8  hsCLI_App.o [1]
  .bss               zero     0x2000'0324    0x8c  tasks.o [1]
  .bss               zero     0x2000'03b0    0x88  main.o [1]
  .bss               zero     0x2000'0438    0x88  main.o [1]
  .bss               zero     0x2000'04c0    0x88  main.o [1]
  .bss               zero     0x2000'0548    0x80  hsDEBUG_MS_UART_Print_App.o [1]
  .bss               zero     0x2000'05c8    0x80  hsDebug_MSG.o [1]
  .bss               zero     0x2000'0648    0x64  main.o [1]
  .bss               zero     0x2000'06ac    0x64  main.o [1]
  .bss               zero     0x2000'0710    0x54  freertos.o [1]
  .bss               zero     0x2000'0764    0x54  main.o [1]
  .bss               zero     0x2000'07b8    0x54  main.o [1]
  .bss               zero     0x2000'080c    0x50  Rework_PP_Drv.o [1]
  .bss               zero     0x2000'085c    0x4c  main.o [1]
  .bss               zero     0x2000'08a8    0x4c  main.o [1]
  .bss               zero     0x2000'08f4    0x4c  stm32l4xx_hal_timebase_tim.o [1]
  .bss               zero     0x2000'0940    0x48  main.o [1]
  .bss               zero     0x2000'0988    0x48  main.o [1]
  .bss               zero     0x2000'09d0    0x34  hsCLI_App.o [1]
  .bss               zero     0x2000'0a04    0x14  tasks.o [1]
  .bss               zero     0x2000'0a18    0x14  tasks.o [1]
  .bss               zero     0x2000'0a2c    0x14  tasks.o [1]
  .bss               zero     0x2000'0a40    0x14  tasks.o [1]
  .bss               zero     0x2000'0a54    0x14  tasks.o [1]
  .bss               zero     0x2000'0a68     0xc  Common_HAL.o [1]
  .bss               zero     0x2000'0a74     0xc  Common_HAL.o [1]
  .bss               zero     0x2000'0a80     0x8  heap_4.o [1]
  .bss               zero     0x2000'0a88     0x4  Common_HAL.o [1]
  .bss               zero     0x2000'0a8c     0x4  FreeRTOS_CLI.o [1]
  .bss               zero     0x2000'0a90     0x4  FreeRTOS_CLI.o [1]
  .bss               zero     0x2000'0a94     0x4  heap_4.o [1]
  .bss               zero     0x2000'0a98     0x4  heap_4.o [1]
  .bss               zero     0x2000'0a9c     0x4  heap_4.o [1]
  .bss               zero     0x2000'0aa0     0x4  heap_4.o [1]
  .bss               zero     0x2000'0aa4     0x4  heap_4.o [1]
  .bss               zero     0x2000'0aa8     0x4  heap_4.o [1]
  .bss               zero     0x2000'0aac     0x4  hsCLI_App.o [1]
  .bss               zero     0x2000'0ab0     0x4  hsDEBUG_MS_UART_Print_App.o [1]
  .bss               zero     0x2000'0ab4     0x4  hsDEBUG_MS_UART_Print_App.o [1]
  .bss               zero     0x2000'0ab8     0x4  hsDEBUG_MS_UART_Print_App.o [1]
  .bss               zero     0x2000'0abc     0x4  hsDEBUG_MS_UART_Print_App.o [1]
  .bss               zero     0x2000'0ac0     0x4  hsDEBUG_MS_UART_Print_App.o [1]
  .bss               zero     0x2000'0ac4     0x4  hsDebug_MSG.o [1]
  .bss               zero     0x2000'0ac8     0x4  hsDebug_MSG.o [1]
  .bss               zero     0x2000'0acc     0x4  hsGlobalErrorHandle.o [1]
  .bss               zero     0x2000'0ad0     0x4  hsGlobalErrorHandle.o [1]
  .bss               zero     0x2000'0ad4     0x4  hsGlobalErrorHandle.o [1]
  .bss               zero     0x2000'0ad8     0x4  port.o [1]
  .bss               zero     0x2000'0adc     0x4  tasks.o [1]
  .bss               zero     0x2000'0ae0     0x4  tasks.o [1]
  .bss               zero     0x2000'0ae4     0x4  tasks.o [1]
  .bss               zero     0x2000'0ae8     0x4  tasks.o [1]
  .bss               zero     0x2000'0aec     0x4  tasks.o [1]
  .bss               zero     0x2000'0af0     0x4  tasks.o [1]
  .bss               zero     0x2000'0af4     0x4  tasks.o [1]
  .bss               zero     0x2000'0af8     0x4  tasks.o [1]
  .bss               zero     0x2000'0afc     0x4  tasks.o [1]
  .bss               zero     0x2000'0b00     0x4  tasks.o [1]
  .bss               zero     0x2000'0b04     0x4  tasks.o [1]
  .bss               zero     0x2000'0b08     0x4  tasks.o [1]
  .bss               zero     0x2000'0b0c     0x4  tasks.o [1]
  .bss               zero     0x2000'0b10     0x4  tasks.o [1]
  .bss               zero     0x2000'0b14     0x4  tasks.o [1]
  .bss               zero     0x2000'0b18     0x4  User_Main.o [1]
  .bss               zero     0x2000'0b1c     0x4  User_Main.o [1]
  .bss               zero     0x2000'0b20     0x4  xfail_s.o [2]
  .bss               zero     0x2000'0b24     0x1  hsCLI_App.o [1]
  .bss               zero     0x2000'0b25     0x1  hsDEBUG_MS_UART_Print_App.o [1]
  .bss               zero     0x2000'0b26     0x1  port.o [1]
                            - 0x2000'0b27   0xacb

"P3-P4", part 3 of 3:                       0x400
  CSTACK                      0x2000'0b28   0x400  <Block>
    CSTACK           uninit   0x2000'0b28   0x400  <Block tail>
                            - 0x2000'0f28   0x400

Unused ranges:

         From           To      Size
         ----           --      ----
   0x800'962c   0x80f'ffff  0xf'69d4
  0x2000'0059  0x2000'005b       0x3
  0x2000'0f28  0x2001'7fff  0x1'70d8


*******************************************************************************
*** INIT TABLE
***

          Address      Size
          -------      ----
Zero (__iar_zero_init3)
    2 destination ranges, total size 0x8acb:
          0x1000'0000  0x8000
          0x2000'005c   0xacb

Copy/packbits (__iar_packbits_init_single3)
    1 source range, total size 0x4c (85% of destination):
           0x800'95e0    0x4c
    1 destination range, total size 0x59:
          0x2000'0000    0x59



*******************************************************************************
*** MODULE SUMMARY
***

    Module                            ro code  ro data  rw data
    ------                            -------  -------  -------
command line/config:
    -----------------------------------------------------------
    Total:

D:\Project\MyProject\FW_BASE\FW_BASE_Frame\EWARM\HS_FW_BFrame\Obj: [1]
    Common_HAL.o                          616                28
    FreeRTOS_CLI.o                        496      246       20
    Rework_PP_Drv.o                        76                80
    User_Main.o                           158        8        8
    cmsis_os.o                             10
    freertos.o                             24               596
    heap_4.o                              648        4       32
    hsCLI_App.o                           408       75      265
    hsCLI_Command.o                       104      260
    hsDEBUG_MS_UART_Print_App.o           652       12      149
    hsDebug_MSG.o                         140               136
    hsGlobalErrorHandle.o                 196                12
    list.o                                154
    main.o                              1'640            33'840
    port.o                                604        7        9
    port_hsDEBUG_MS_UART_Print_App.o       72
    portasm.o                             176
    queue.o                             2'458
    startup_stm32l471xx.o                 700
    stm32l4xx_hal.o                        36        4        5
    stm32l4xx_hal_adc.o                 2'032
    stm32l4xx_hal_cortex.o                276
    stm32l4xx_hal_dma.o                   874
    stm32l4xx_hal_gpio.o                  580
    stm32l4xx_hal_i2c.o                   222
    stm32l4xx_hal_i2c_ex.o                198
    stm32l4xx_hal_msp.o                 1'344
    stm32l4xx_hal_pwr_ex.o                148
    stm32l4xx_hal_rcc.o                 2'504
    stm32l4xx_hal_rcc_ex.o              1'772
    stm32l4xx_hal_spi.o                   248
    stm32l4xx_hal_tim.o                 2'452
    stm32l4xx_hal_tim_ex.o                186
    stm32l4xx_hal_timebase_tim.o          184                76
    stm32l4xx_hal_uart.o                3'850
    stm32l4xx_hal_uart_ex.o                 2
    stm32l4xx_it.o                         96
    system_stm32l4xx.o                     16       76        4
    tasks.o                             3'280        8      300
    -----------------------------------------------------------
    Total:                             29'632      700   35'560

dl7M_tlf.a: [2]
    abort.o                                 6
    exit.o                                  4
    low_level_init.o                        4
    snprintf.o                             68
    strncmp.o                              40
    vsnprint.o                             60
    xfail_s.o                              64                 4
    xlocale_c.o                             8       51       56
    xprintffull_nomb.o                  4'034        8
    xsnprout.o                             26
    -----------------------------------------------------------
    Total:                              4'314       59       60

m7M_tls.a: [3]
    DblAdd.o                              362
    DblCmpGe.o                             46
    DblCmpLe.o                             46
    DblDiv.o                              582
    DblMul.o                              418
    DblSub.o                              226
    DblToS32.o                             58
    DblToU32.o                             40
    S32ToDbl.o                             34
    U32ToDbl.o                             26
    fpinit_M.o                             34
    frexp.o                               112
    ldexp.o                               314
    -----------------------------------------------------------
    Total:                              2'298

rt7M_tl.a: [4]
    ABImemcpy.o                           166
    ABImemset.o                           102
    I64DivMod.o                           560
    I64DivZer.o                             2
    cexit.o                                10
    cmain.o                                30
    cstartup_M.o                           12
    data_init.o                            40
    memchr.o                               88
    memset.o                               20
    packbits_init_single.o                 56
    strchr.o                               22
    strlen.o                               54
    strncpy.o                             112
    zero_init3.o                           58
    -----------------------------------------------------------
    Total:                              1'332

shb_l.a: [5]
    exit.o                                 20
    -----------------------------------------------------------
    Total:                                 20

    Gaps                                   45        4
    Linker created                                  40    1'024
---------------------------------------------------------------
    Grand Total:                       37'641      803   36'644


*******************************************************************************
*** ENTRY LIST
***

Entry                       Address    Size  Type      Object
-----                       -------    ----  ----      ------
.iar.init_table$$Base    0x800'9314           --   Gb  - Linker created -
.iar.init_table$$Limit   0x800'933c           --   Gb  - Linker created -
?main                    0x800'933d          Code  Gb  cmain.o [4]
AHBPrescTable            0x800'9418    0x10  Data  Gb  system_stm32l4xx.o [1]
APBPrescTable            0x800'948c     0x8  Data  Gb  system_stm32l4xx.o [1]
BusFault_Handler         0x800'90af     0x2  Code  Gb  stm32l4xx_it.o [1]
CSTACK$$Base            0x2000'0b28           --   Gb  - Linker created -
CSTACK$$Limit           0x2000'0f28           --   Gb  - Linker created -
DMA1_Channel4_IRQHandler
                         0x800'90b5     0xa  Code  Gb  stm32l4xx_it.o [1]
DMA2_Channel5_IRQHandler
                         0x800'90e7     0xa  Code  Gb  stm32l4xx_it.o [1]
DMA_SetConfig            0x800'35ed    0x32  Code  Lc  stm32l4xx_hal_dma.o [1]
DebugMon_Handler         0x800'90b3     0x2  Code  Gb  stm32l4xx_it.o [1]
Error_Handler            0x800'50d1     0x4  Code  Gb  main.o [1]
FreeRTOS_CLIProcessCommand
                         0x800'8cd3    0xe0  Code  Gb  FreeRTOS_CLI.o [1]
FreeRTOS_CLIProcessCommand::pxCommand
                        0x2000'0a8c     0x4  Data  Lc  FreeRTOS_CLI.o [1]
FreeRTOS_CLIRegisterCommand
                         0x800'8c89    0x4a  Code  Gb  FreeRTOS_CLI.o [1]
HAL_ADC_ConfigChannel    0x800'5a0d   0x468  Code  Gb  stm32l4xx_hal_adc.o [1]
HAL_ADC_Init             0x800'57ef   0x1ee  Code  Gb  stm32l4xx_hal_adc.o [1]
HAL_ADC_MspInit          0x800'2db1    0xe0  Code  Gb  stm32l4xx_hal_msp.o [1]
HAL_DMA_Abort            0x800'3449    0x54  Code  Gb  stm32l4xx_hal_dma.o [1]
HAL_DMA_Abort_IT         0x800'349d    0x5e  Code  Gb  stm32l4xx_hal_dma.o [1]
HAL_DMA_IRQHandler       0x800'34fb    0xf2  Code  Gb  stm32l4xx_hal_dma.o [1]
HAL_DMA_Init             0x800'32b5    0xe0  Code  Gb  stm32l4xx_hal_dma.o [1]
HAL_DMA_Start_IT         0x800'33b1    0x98  Code  Gb  stm32l4xx_hal_dma.o [1]
HAL_Delay                0x800'409b    0x24  Code  Gb  Common_HAL.o [1]
HAL_GPIO_Init            0x800'50d5   0x1fc  Code  Gb  stm32l4xx_hal_gpio.o [1]
HAL_GPIO_WritePin        0x800'52d1    0x18  Code  Gb  stm32l4xx_hal_gpio.o [1]
HAL_GetTick              0x800'40bf     0x6  Code  Gb  Common_HAL.o [1]
HAL_I2CEx_ConfigAnalogFilter
                         0x800'5f7d    0x64  Code  Gb  stm32l4xx_hal_i2c_ex.o [1]
HAL_I2CEx_ConfigDigitalFilter
                         0x800'5fe1    0x62  Code  Gb  stm32l4xx_hal_i2c_ex.o [1]
HAL_I2C_Init             0x800'5e9d    0xde  Code  Gb  stm32l4xx_hal_i2c.o [1]
HAL_I2C_MspInit          0x800'2e91    0xf8  Code  Gb  stm32l4xx_hal_msp.o [1]
HAL_IncTick              0x800'408d     0xe  Code  Gb  Common_HAL.o [1]
HAL_Init                 0x800'55dd    0x24  Code  Gb  stm32l4xx_hal.o [1]
HAL_InitTick             0x800'5319    0xa4  Code  Gb  stm32l4xx_hal_timebase_tim.o [1]
HAL_MspInit              0x800'2d75    0x3c  Code  Gb  stm32l4xx_hal_msp.o [1]
HAL_NVIC_EnableIRQ       0x800'434b     0xe  Code  Gb  stm32l4xx_hal_cortex.o [1]
HAL_NVIC_SetPriority     0x800'4321    0x2a  Code  Gb  stm32l4xx_hal_cortex.o [1]
HAL_NVIC_SetPriorityGrouping
                         0x800'4315     0xc  Code  Gb  stm32l4xx_hal_cortex.o [1]
HAL_PWREx_ControlVoltageScaling
                         0x800'53dd    0x76  Code  Gb  stm32l4xx_hal_pwr_ex.o [1]
HAL_PWREx_GetVoltageRange
                         0x800'53d1     0xc  Code  Gb  stm32l4xx_hal_pwr_ex.o [1]
HAL_RCCEx_PeriphCLKConfig
                         0x800'4381   0x3e4  Code  Gb  stm32l4xx_hal_rcc_ex.o [1]
HAL_RCC_ClockConfig      0x800'3c5b   0x17c  Code  Gb  stm32l4xx_hal_rcc.o [1]
HAL_RCC_GetClockConfig   0x800'3ee5    0x34  Code  Gb  stm32l4xx_hal_rcc.o [1]
HAL_RCC_GetHCLKFreq      0x800'3eab     0x6  Code  Gb  stm32l4xx_hal_rcc.o [1]
HAL_RCC_GetPCLK1Freq     0x800'3eb1    0x1a  Code  Gb  stm32l4xx_hal_rcc.o [1]
HAL_RCC_GetPCLK2Freq     0x800'3ecb    0x1a  Code  Gb  stm32l4xx_hal_rcc.o [1]
HAL_RCC_GetSysClockFreq
                         0x800'3dd7    0xd4  Code  Gb  stm32l4xx_hal_rcc.o [1]
HAL_RCC_OscConfig        0x800'3625   0x636  Code  Gb  stm32l4xx_hal_rcc.o [1]
HAL_SPI_Init             0x800'6045    0xf8  Code  Gb  stm32l4xx_hal_spi.o [1]
HAL_SPI_MspInit          0x800'2f89    0x68  Code  Gb  stm32l4xx_hal_msp.o [1]
HAL_TIMEx_Break2Callback
                         0x800'8617     0x2  Code  Wk  stm32l4xx_hal_tim_ex.o [1]
HAL_TIMEx_BreakCallback
                         0x800'8615     0x2  Code  Wk  stm32l4xx_hal_tim_ex.o [1]
HAL_TIMEx_CommutCallback
                         0x800'861b     0x2  Code  Wk  stm32l4xx_hal_tim_ex.o [1]
HAL_TIMEx_MasterConfigSynchronization
                         0x800'6ac9    0x9c  Code  Gb  stm32l4xx_hal_tim_ex.o [1]
HAL_TIM_Base_Init        0x800'613d    0x7a  Code  Gb  stm32l4xx_hal_tim.o [1]
HAL_TIM_Base_MspInit     0x800'2ff1    0x40  Code  Gb  stm32l4xx_hal_msp.o [1]
HAL_TIM_Base_Start_IT    0x800'61b7    0x98  Code  Gb  stm32l4xx_hal_tim.o [1]
HAL_TIM_ConfigClockSource
                         0x800'659f    0xf6  Code  Gb  stm32l4xx_hal_tim.o [1]
HAL_TIM_IRQHandler       0x800'62e7   0x156  Code  Gb  stm32l4xx_hal_tim.o [1]
HAL_TIM_MspPostInit      0x800'3031    0x86  Code  Gb  stm32l4xx_hal_msp.o [1]
HAL_TIM_PWM_ConfigChannel
                         0x800'643d   0x162  Code  Gb  stm32l4xx_hal_tim.o [1]
HAL_TIM_PWM_Init         0x800'626d    0x7a  Code  Gb  stm32l4xx_hal_tim.o [1]
HAL_TIM_PeriodElapsedCallback
                         0x800'5055    0x12  Code  Gb  main.o [1]
HAL_UARTEx_WakeupCallback
                         0x800'3623     0x2  Code  Wk  stm32l4xx_hal_uart_ex.o [1]
HAL_UART_IRQHandler      0x800'1fed   0x35c  Code  Gb  stm32l4xx_hal_uart.o [1]
HAL_UART_Init            0x800'1e71    0x7a  Code  Gb  stm32l4xx_hal_uart.o [1]
HAL_UART_MspInit         0x800'30b7   0x1b6  Code  Gb  stm32l4xx_hal_msp.o [1]
HAL_UART_Receive_IT      0x800'1eeb    0x5e  Code  Gb  stm32l4xx_hal_uart.o [1]
HAL_UART_RxCpltCallback
                         0x800'3fed    0x50  Code  Gb  Common_HAL.o [1]
HAL_UART_Transmit_DMA    0x800'1f49    0xa4  Code  Gb  stm32l4xx_hal_uart.o [1]
HAL_UART_TxCpltCallback
                         0x800'403d    0x50  Code  Gb  Common_HAL.o [1]
HW_ERR_LED_ONOFF         0x800'4161    0x18  Code  Gb  Common_HAL.o [1]
HW_LowCode_Error         0x800'4215    0x40  Code  Gb  Common_HAL.o [1]
HW_STA_LED_ONOFF         0x800'4179    0x56  Code  Gb  Common_HAL.o [1]
HardFault_Handler        0x800'90ab     0x2  Code  Gb  stm32l4xx_it.o [1]
LL_ADC_DisableDeepPowerDown
                         0x800'57a3     0xc  Code  Lc  stm32l4xx_hal_adc.o [1]
LL_ADC_EnableInternalRegulator
                         0x800'57b9    0x10  Code  Lc  stm32l4xx_hal_adc.o [1]
LL_ADC_GetCommonPathInternalCh
                         0x800'56c5     0x8  Code  Lc  stm32l4xx_hal_adc.o [1]
LL_ADC_GetOffsetChannel
                         0x800'56f1    0x12  Code  Lc  stm32l4xx_hal_adc.o [1]
LL_ADC_INJ_IsConversionOngoing
                         0x800'57e5     0xa  Code  Lc  stm32l4xx_hal_adc.o [1]
LL_ADC_IsDeepPowerDownEnabled
                         0x800'57af     0xa  Code  Lc  stm32l4xx_hal_adc.o [1]
LL_ADC_IsEnabled         0x800'57d3     0x8  Code  Lc  stm32l4xx_hal_adc.o [1]
LL_ADC_IsInternalRegulatorEnabled
                         0x800'57c9     0xa  Code  Lc  stm32l4xx_hal_adc.o [1]
LL_ADC_REG_IsConversionOngoing
                         0x800'57db     0xa  Code  Lc  stm32l4xx_hal_adc.o [1]
LL_ADC_REG_SetSequencerRanks
                         0x800'571b    0x2e  Code  Lc  stm32l4xx_hal_adc.o [1]
LL_ADC_SetChannelSamplingTime
                         0x800'5749    0x34  Code  Lc  stm32l4xx_hal_adc.o [1]
LL_ADC_SetChannelSingleDiff
                         0x800'577d    0x26  Code  Lc  stm32l4xx_hal_adc.o [1]
LL_ADC_SetCommonClock    0x800'56ad     0xc  Code  Lc  stm32l4xx_hal_adc.o [1]
LL_ADC_SetCommonPathInternalCh
                         0x800'56b9     0xc  Code  Lc  stm32l4xx_hal_adc.o [1]
LL_ADC_SetOffset         0x800'56cd    0x24  Code  Lc  stm32l4xx_hal_adc.o [1]
LL_ADC_SetOffsetState    0x800'5703    0x18  Code  Lc  stm32l4xx_hal_adc.o [1]
MSIRangeTable            0x800'9248    0x30  Data  Gb  system_stm32l4xx.o [1]
MX_ADC3_Init             0x800'4b31    0x96  Code  Lc  main.o [1]
MX_DMA_Init              0x800'4f09    0x4a  Code  Lc  main.o [1]
MX_GPIO_Init             0x800'4f53   0x102  Code  Lc  main.o [1]
MX_I2C1_Init             0x800'4bc7    0x5e  Code  Lc  main.o [1]
MX_I2C2_Init             0x800'4c25    0x5e  Code  Lc  main.o [1]
MX_SPI1_Init             0x800'4c83    0x54  Code  Lc  main.o [1]
MX_TIM3_Init             0x800'4cd7    0xca  Code  Lc  main.o [1]
MX_TIM4_Init             0x800'4da1    0xb4  Code  Lc  main.o [1]
MX_USART1_UART_Init      0x800'4e55    0x3c  Code  Lc  main.o [1]
MX_USART2_UART_Init      0x800'4e91    0x3c  Code  Lc  main.o [1]
MX_USART3_UART_Init      0x800'4ecd    0x3c  Code  Lc  main.o [1]
MemManage_Handler        0x800'90ad     0x2  Code  Gb  stm32l4xx_it.o [1]
NMI_Handler              0x800'90a9     0x2  Code  Gb  stm32l4xx_it.o [1]
NVIC_EncodePriority      0x800'42d5    0x40  Code  Lc  stm32l4xx_hal_cortex.o [1]
PendSV_Handler           0x800'8e79          Code  Gb  portasm.o [1]
RCCEx_PLLSAI1_Config     0x800'4779   0x186  Code  Lc  stm32l4xx_hal_rcc_ex.o [1]
RCCEx_PLLSAI2_Config     0x800'4901   0x150  Code  Lc  stm32l4xx_hal_rcc_ex.o [1]
RCC_SetFlashLatencyFromMSIRange
                         0x800'3f29    0x8a  Code  Lc  stm32l4xx_hal_rcc.o [1]
Read_Rework_PP_Drv       0x800'5499    0x12  Code  Gb  Rework_PP_Drv.o [1]
Region$$Table$$Base      0x800'9314           --   Gb  - Linker created -
Region$$Table$$Limit     0x800'933c           --   Gb  - Linker created -
Rework_PP_Drv_Config     0x800'5465    0x34  Code  Gb  Rework_PP_Drv.o [1]
SVC_Handler              0x800'8ed1          Code  Gb  portasm.o [1]
SysTick_Handler          0x800'879d    0x28  Code  Gb  port.o [1]
SystemClock_Config       0x800'4aad    0x84  Code  Gb  main.o [1]
SystemCoreClock         0x2000'001c     0x4  Data  Gb  system_stm32l4xx.o [1]
SystemInit               0x800'9439     0xc  Code  Gb  system_stm32l4xx.o [1]
TIM8_UP_IRQHandler       0x800'90dd     0xa  Code  Gb  stm32l4xx_it.o [1]
TIM_Base_SetConfig       0x800'6697    0xd4  Code  Gb  stm32l4xx_hal_tim.o [1]
TIM_ETR_SetConfig        0x800'6aaf    0x18  Code  Gb  stm32l4xx_hal_tim.o [1]
TIM_ITRx_SetConfig       0x800'6a9f    0x10  Code  Lc  stm32l4xx_hal_tim.o [1]
TIM_OC1_SetConfig        0x800'676d    0x9c  Code  Lc  stm32l4xx_hal_tim.o [1]
TIM_OC2_SetConfig        0x800'6809    0x8e  Code  Gb  stm32l4xx_hal_tim.o [1]
TIM_OC3_SetConfig        0x800'6899    0x7e  Code  Lc  stm32l4xx_hal_tim.o [1]
TIM_OC4_SetConfig        0x800'6917    0x5e  Code  Lc  stm32l4xx_hal_tim.o [1]
TIM_OC5_SetConfig        0x800'6975    0x58  Code  Lc  stm32l4xx_hal_tim.o [1]
TIM_OC6_SetConfig        0x800'69cd    0x5a  Code  Lc  stm32l4xx_hal_tim.o [1]
TIM_TI1_ConfigInputStage
                         0x800'6a55    0x24  Code  Lc  stm32l4xx_hal_tim.o [1]
TIM_TI2_ConfigInputStage
                         0x800'6a79    0x26  Code  Lc  stm32l4xx_hal_tim.o [1]
UART_AdvFeatureConfig    0x800'26c9    0xda  Code  Gb  stm32l4xx_hal_uart.o [1]
UART_CheckIdleState      0x800'27a3    0xd2  Code  Gb  stm32l4xx_hal_uart.o [1]
UART_DMAAbortOnError     0x800'2b2d    0x1a  Code  Lc  stm32l4xx_hal_uart.o [1]
UART_DMAError            0x800'2add    0x50  Code  Lc  stm32l4xx_hal_uart.o [1]
UART_DMATransmitCplt     0x800'2a7d    0x50  Code  Lc  stm32l4xx_hal_uart.o [1]
UART_DMATxHalfCplt       0x800'2acd     0xe  Code  Lc  stm32l4xx_hal_uart.o [1]
UART_EndRxTransfer       0x800'2a1f    0x5e  Code  Lc  stm32l4xx_hal_uart.o [1]
UART_EndTransmit_IT      0x800'2b47    0x2a  Code  Lc  stm32l4xx_hal_uart.o [1]
UART_EndTxTransfer       0x800'2a03    0x1c  Code  Lc  stm32l4xx_hal_uart.o [1]
UART_RxISR_16BIT         0x800'2c71    0xee  Code  Lc  stm32l4xx_hal_uart.o [1]
UART_RxISR_8BIT          0x800'2b71    0xec  Code  Lc  stm32l4xx_hal_uart.o [1]
UART_SetConfig           0x800'2359   0x366  Code  Gb  stm32l4xx_hal_uart.o [1]
UART_Start_Receive_IT    0x800'2913    0xf0  Code  Gb  stm32l4xx_hal_uart.o [1]
UART_WaitOnFlagUntilTimeout
                         0x800'2875    0x9e  Code  Gb  stm32l4xx_hal_uart.o [1]
USART1_IRQHandler        0x800'90bf     0xa  Code  Gb  stm32l4xx_it.o [1]
USART2_IRQHandler        0x800'90c9     0xa  Code  Gb  stm32l4xx_it.o [1]
USART3_IRQHandler        0x800'90d3     0xa  Code  Gb  stm32l4xx_it.o [1]
UsageFault_Handler       0x800'90b1     0x2  Code  Gb  stm32l4xx_it.o [1]
_LitobFullNoMb           0x800'0f45   0x10a  Code  Lc  xprintffull_nomb.o [2]
_Locale_lconv           0x2000'0020    0x38  Data  Lc  xlocale_c.o [2]
_PrintfFullNoMb          0x800'0189   0xd98  Code  Gb  xprintffull_nomb.o [2]
_PutcharFullNoMb         0x800'10b5    0x20  Code  Lc  xprintffull_nomb.o [2]
_PutcharsFullNoMb        0x800'10d5    0x2e  Code  Lc  xprintffull_nomb.o [2]
_SNProut                 0x800'119b    0x1a  Code  Gb  xsnprout.o [2]
__NVIC_EnableIRQ         0x800'4289    0x20  Code  Lc  stm32l4xx_hal_cortex.o [1]
__NVIC_GetPriorityGrouping
                         0x800'427b     0xc  Code  Lc  stm32l4xx_hal_cortex.o [1]
__NVIC_SetPriority       0x800'42a9    0x2c  Code  Lc  stm32l4xx_hal_cortex.o [1]
__NVIC_SetPriorityGrouping
                         0x800'4259    0x22  Code  Lc  stm32l4xx_hal_cortex.o [1]
__aeabi_cdcmple          0x800'139d          Code  Gb  DblCmpLe.o [3]
__aeabi_cdrcmple         0x800'13cd          Code  Gb  DblCmpGe.o [3]
__aeabi_d2iz             0x800'1539          Code  Gb  DblToS32.o [3]
__aeabi_d2uiz            0x800'18c5          Code  Gb  DblToU32.o [3]
__aeabi_ddiv             0x800'167d          Code  Gb  DblDiv.o [3]
__aeabi_dmul             0x800'1909          Code  Gb  DblMul.o [3]
__aeabi_dsub             0x800'1599          Code  Gb  DblSub.o [3]
__aeabi_i2d              0x800'1575          Code  Gb  S32ToDbl.o [3]
__aeabi_ldiv0            0x800'1e59          Code  Gb  I64DivZer.o [4]
__aeabi_memcpy           0x800'1285          Code  Gb  ABImemcpy.o [4]
__aeabi_memcpy4          0x800'12a5          Code  Gb  ABImemcpy.o [4]
__aeabi_memcpy8          0x800'12a5          Code  Gb  ABImemcpy.o [4]
__aeabi_memset           0x800'5575          Code  Gb  ABImemset.o [4]
__aeabi_ui2d             0x800'18ed          Code  Gb  U32ToDbl.o [3]
__aeabi_uldivmod         0x800'1ab5          Code  Gb  I64DivMod.o [4]
__cmain                  0x800'933d          Code  Gb  cmain.o [4]
__exit                   0x800'1e5d    0x14  Code  Gb  exit.o [5]
__g_fpErrorAction       0x2000'0ad4     0x4  Data  Gb  hsGlobalErrorHandle.o [1]
__iar_Fail_s             0x800'11b5    0x1c  Code  Gb  xfail_s.o [2]
__iar_Memchr             0x800'122d          Code  Gb  memchr.o [4]
__iar_Memset             0x800'5575          Code  Gb  ABImemset.o [4]
__iar_Memset_word        0x800'557d          Code  Gb  ABImemset.o [4]
__iar_Strchr             0x800'1185          Code  Gb  strchr.o [4]
__iar_dadd               0x800'15a9          Code  Gb  DblSub.o [3]
__iar_data_init3         0x800'92a5    0x28  Code  Gb  data_init.o [4]
__iar_dsub               0x800'1ced          Code  Gb  DblAdd.o [3]
__iar_dsubStart          0x800'1cff          Code  Gb  DblAdd.o [3]
__iar_frexp              0x800'1339          Code  Gb  frexp.o [3]
__iar_frexpl             0x800'1339          Code  Gb  frexp.o [3]
__iar_init_vfp           0x800'92f1          Code  Gb  fpinit_M.o [3]
__iar_ldexp64            0x800'13fd          Code  Gb  ldexp.o [3]
__iar_packbits_init_single3
                         0x800'91b1    0x38  Code  Gb  packbits_init_single.o [4]
__iar_program_start      0x800'9461          Code  Gb  cstartup_M.o [4]
__iar_scalbln64          0x800'13fd          Code  Gb  ldexp.o [3]
__iar_scalbn64           0x800'13fd          Code  Gb  ldexp.o [3]
__iar_softfp___iar_frexp64
                         0x800'132d          Code  Gb  frexp.o [3]
__iar_softfp_frexp       0x800'132d          Code  Gb  frexp.o [3]
__iar_softfp_frexpl      0x800'132d          Code  Gb  frexp.o [3]
__iar_zero_init3         0x800'114b    0x3a  Code  Gb  zero_init3.o [4]
__low_level_init         0x800'935b     0x4  Code  Gb  low_level_init.o [2]
__vector_table           0x800'0000          Data  Gb  startup_stm32l471xx.o [1]
_call_main               0x800'9349          Code  Gb  cmain.o [4]
_exit                    0x800'9365          Code  Gb  cexit.o [4]
_main                    0x800'9357          Code  Gb  cmain.o [4]
abort                    0x800'1ce5     0x6  Code  Gb  abort.o [2]
backspace_tt            0x2000'0010     0x4  Data  Gb  hsCLI_App.o [1]
cOutputBuffer           0x2000'025c    0xc8  Data  Gb  hsCLI_App.o [1]
cRxedChar               0x2000'0b24     0x1  Data  Gb  hsCLI_App.o [1]
cliWrite                 0x800'8503     0xe  Code  Gb  hsCLI_App.o [1]
cli_prompt              0x2000'000c     0x4  Data  Gb  hsCLI_App.o [1]
cmd_BD_Info              0x800'901d    0x2e  Code  Gb  hsCLI_Command.o [1]
cmd_clearScreen          0x800'8ffd    0x20  Code  Gb  hsCLI_Command.o [1]
exit                     0x800'935f     0x4  Code  Gb  exit.o [2]
gFp_Uart_Rx_Callback    0x2000'0a68     0xc  Data  Gb  Common_HAL.o [1]
gFp_Uart_Tx_Callback    0x2000'0a74     0xc  Data  Gb  Common_HAL.o [1]
g_DEBUG_UART_TX_OUT_Mem
                        0x2000'0548    0x80  Data  Gb  hsDEBUG_MS_UART_Print_App.o [1]
g_Rework_PP_Buf         0x2000'080c    0x50  Data  Gb  Rework_PP_Drv.o [1]
g_dwGlobalErrorStaus    0x2000'0acc     0x4  Data  Gb  hsGlobalErrorHandle.o [1]
g_dwMainTickCnt         0x2000'0a88     0x4  Data  Gb  Common_HAL.o [1]
g_fpDebugMSG_Stream     0x2000'0ac8     0x4  Data  Gb  hsDebug_MSG.o [1]
g_uDEBUG_RD_RX_DAT      0x2000'0b25     0x1  Data  Gb  hsDEBUG_MS_UART_Print_App.o [1]
g_uMSG_GenBuf           0x2000'05c8    0x80  Data  Gb  hsDebug_MSG.o [1]
g_xCLI_CONSOL_Task_Handle
                        0x2000'0aac     0x4  Data  Gb  hsCLI_App.o [1]
g_xDEBUG_UART_TX_Task_Handle
                        0x2000'0abc     0x4  Data  Gb  hsDEBUG_MS_UART_Print_App.o [1]
g_xGlobalErrorStatusAccessKey
                        0x2000'0ad0     0x4  Data  Gb  hsGlobalErrorHandle.o [1]
g_xMSG_Mutex            0x2000'0ac4     0x4  Data  Gb  hsDebug_MSG.o [1]
g_xQue_DEBUG_UART_RX_DAT_Handle
                        0x2000'0ab4     0x4  Data  Gb  hsDEBUG_MS_UART_Print_App.o [1]
g_xQue_DEBUG_UART_TX_DAT_Handle
                        0x2000'0ab8     0x4  Data  Gb  hsDEBUG_MS_UART_Print_App.o [1]
g_xSemaDEBUG_UART_TX_CMPLT_Signal
                        0x2000'0ab0     0x4  Data  Gb  hsDEBUG_MS_UART_Print_App.o [1]
g_xUserMain_Task_Handle
                        0x2000'0b18     0x4  Data  Gb  User_Main.o [1]
gp_UserMain_Param       0x2000'0b1c     0x4  Data  Gb  User_Main.o [1]
hadc3                   0x2000'0648    0x64  Data  Gb  main.o [1]
handleBackspace          0x800'8551    0x30  Code  Gb  hsCLI_App.o [1]
handleCharacterInput     0x800'8581    0x3e  Code  Gb  hsCLI_App.o [1]
handleNewline            0x800'8511    0x40  Code  Gb  hsCLI_App.o [1]
hdma_adc3               0x2000'0940    0x48  Data  Gb  main.o [1]
hdma_usart1_tx          0x2000'0988    0x48  Data  Gb  main.o [1]
hi2c1                   0x2000'0764    0x54  Data  Gb  main.o [1]
hi2c2                   0x2000'07b8    0x54  Data  Gb  main.o [1]
hsCLI_App_Config         0x800'8475    0x1e  Code  Gb  hsCLI_App.o [1]
hsDEBUG_MS_UART_Print_App_Config
                         0x800'8263    0x88  Code  Gb  hsDEBUG_MS_UART_Print_App.o [1]
hsDEBUG_UART_IRQ_RX_Callback
                         0x800'8213    0x50  Code  Gb  hsDEBUG_MS_UART_Print_App.o [1]
hsDEBUG_UART_IRQ_TX_DMA_Callback
                         0x800'81e9    0x2a  Code  Gb  hsDEBUG_MS_UART_Print_App.o [1]
hsDEBUG_UART_RX_QueGet   0x800'8425    0x22  Code  Gb  hsDEBUG_MS_UART_Print_App.o [1]
hsDEBUG_UART_TX_Char     0x800'8387    0x7a  Code  Gb  hsDEBUG_MS_UART_Print_App.o [1]
hsDEBUG_UART_TX_String   0x800'8401    0x24  Code  Gb  hsDEBUG_MS_UART_Print_App.o [1]
hsDEBUG_UART_TX_Task     0x800'82ed    0x9a  Code  Gb  hsDEBUG_MS_UART_Print_App.o [1]
hsDebug_MSG              0x800'8c1d    0x5e  Code  Gb  hsDebug_MSG.o [1]
hsDebug_MSG_Config       0x800'8bfd    0x20  Code  Gb  hsDebug_MSG.o [1]
hsGlobalErrorBlocking_2nd
                         0x800'5527    0x40  Code  Gb  hsGlobalErrorHandle.o [1]
hsGlobalErrorReadAllHandle
                         0x800'5501    0x26  Code  Gb  hsGlobalErrorHandle.o [1]
hsGlobalErrorUseConfig   0x800'54b1    0x2c  Code  Gb  hsGlobalErrorHandle.o [1]
hsGlobalErrorWriteAllHandle
                         0x800'54dd    0x24  Code  Gb  hsGlobalErrorHandle.o [1]
hsHW_Config              0x800'40c5    0x9a  Code  Gb  Common_HAL.o [1]
hsMain_User_Config       0x800'5601    0x50  Code  Gb  User_Main.o [1]
hsUserMain_Task          0x800'565d    0x42  Code  Gb  User_Main.o [1]
hspi1                   0x2000'06ac    0x64  Data  Gb  main.o [1]
htim3                   0x2000'085c    0x4c  Data  Gb  main.o [1]
htim4                   0x2000'08a8    0x4c  Data  Gb  main.o [1]
htim8                   0x2000'08f4    0x4c  Data  Gb  stm32l4xx_hal_timebase_tim.o [1]
huart1                  0x2000'03b0    0x88  Data  Gb  main.o [1]
huart2                  0x2000'0438    0x88  Data  Gb  main.o [1]
huart3                  0x2000'04c0    0x88  Data  Gb  main.o [1]
ldexp                    0x800'13fd          Code  Gb  ldexp.o [3]
ldexpl                   0x800'13fd          Code  Gb  ldexp.o [3]
localeconv               0x800'1aad     0x4  Code  Gb  xlocale_c.o [2]
main                     0x800'4a6d    0x40  Code  Gb  main.o [1]
memchr                   0x800'122d          Code  Gb  memchr.o [4]
memset                   0x800'436d    0x14  Code  Gb  memset.o [4]
osKernelStart            0x800'56a1     0xa  Code  Gb  cmsis_os.o [1]
p_tDEBUG_UART_PP_DRV    0x2000'0ac0     0x4  Data  Gb  hsDEBUG_MS_UART_Print_App.o [1]
pcInputString           0x2000'09d0    0x34  Data  Gb  hsCLI_App.o [1]
pcInterruptPriorityRegisters
                         0x800'94b8     0x4  Data  Lc  port.o [1]
port_hsDEBUG_UART_RX_Run
                         0x800'8bcd    0x18  Code  Gb  port_hsDEBUG_MS_UART_Print_App.o [1]
port_hsDEBUS_UART_IRQ_Linker
                         0x800'8bb5     0xe  Code  Gb  port_hsDEBUG_MS_UART_Print_App.o [1]
port_hsDEBUS_UART_TX_Run
                         0x800'8be5    0x18  Code  Gb  port_hsDEBUG_MS_UART_Print_App.o [1]
prvAddCurrentTaskToDelayedList
                         0x800'8129    0x82  Code  Lc  tasks.o [1]
prvAddNewTaskToReadyList
                         0x800'76f7    0x9a  Code  Lc  tasks.o [1]
prvCheckTasksWaitingTermination
                         0x800'7dd5    0x3e  Code  Lc  tasks.o [1]
prvCopyDataFromQueue     0x800'7439    0x36  Code  Lc  queue.o [1]
prvCopyDataToQueue       0x800'739d    0x9c  Code  Lc  queue.o [1]
prvDeleteTCB             0x800'7e13    0x44  Code  Lc  tasks.o [1]
prvGetDisinheritPriorityAfterTimeout
                         0x800'7387    0x16  Code  Lc  queue.o [1]
prvGetNumberOfParameters
                         0x800'8e49    0x30  Code  Lc  FreeRTOS_CLI.o [1]
prvHeapInit              0x800'8ab9    0x62  Code  Lc  heap_4.o [1]
prvHelpCommand           0x800'8df9    0x36  Code  Lc  FreeRTOS_CLI.o [1]
prvHelpCommand::pxCommand
                        0x2000'0a90     0x4  Data  Lc  FreeRTOS_CLI.o [1]
prvIdleTask              0x800'7d59    0x24  Code  Lc  tasks.o [1]
prvInitialiseMutex       0x800'6c95    0x22  Code  Lc  queue.o [1]
prvInitialiseNewQueue    0x800'6c63    0x32  Code  Lc  queue.o [1]
prvInitialiseNewTask     0x800'7625    0xd2  Code  Lc  tasks.o [1]
prvInitialiseTaskLists   0x800'7d7d    0x54  Code  Lc  tasks.o [1]
prvInsertBlockIntoFreeList
                         0x800'8b1b    0x5e  Code  Lc  heap_4.o [1]
prvIsQueueEmpty          0x800'74dd    0x1c  Code  Lc  queue.o [1]
prvIsQueueFull           0x800'74f9    0x1e  Code  Lc  queue.o [1]
prvRegisterCommand       0x800'8db3    0x46  Code  Lc  FreeRTOS_CLI.o [1]
prvRegisterCommand::pxLastCommandInList
                        0x2000'0008     0x4  Data  Lc  FreeRTOS_CLI.o [1]
prvResetNextTaskUnblockTime
                         0x800'7e57    0x2a  Code  Lc  tasks.o [1]
prvTaskExitError         0x800'8645    0x2a  Code  Lc  port.o [1]
prvUnlockQueue           0x800'746f    0x6e  Code  Lc  queue.o [1]
pvPortMalloc             0x800'8915   0x128  Code  Gb  heap_4.o [1]
pvTaskIncrementMutexHeldCount
                         0x800'80eb    0x16  Code  Gb  tasks.o [1]
pxCurrentTCB            0x2000'0adc     0x4  Data  Gb  tasks.o [1]
pxDelayedTaskList       0x2000'0ae0     0x4  Data  Lc  tasks.o [1]
pxEnd                   0x2000'0a94     0x4  Data  Lc  heap_4.o [1]
pxOverflowDelayedTaskList
                        0x2000'0ae4     0x4  Data  Lc  tasks.o [1]
pxPortInitialiseStack    0x800'861d    0x28  Code  Gb  port.o [1]
pxReadyTasksLists       0x2000'0324    0x8c  Data  Lc  tasks.o [1]
scalbln                  0x800'13fd          Code  Gb  ldexp.o [3]
scalblnl                 0x800'13fd          Code  Gb  ldexp.o [3]
scalbn                   0x800'13fd          Code  Gb  ldexp.o [3]
scalbnl                  0x800'13fd          Code  Gb  ldexp.o [3]
scale                    0x800'104f    0x46  Code  Lc  xprintffull_nomb.o [2]
sec_hand                0x2000'0b20     0x4  Data  Lc  xfail_s.o [2]
snprintf                 0x800'9065    0x44  Code  Gb  snprintf.o [2]
strchr                   0x800'1185          Code  Gb  strchr.o [4]
strlen                   0x800'11f5          Code  Gb  strlen.o [4]
strncmp                  0x800'8f65    0x28  Code  Gb  strncmp.o [2]
strncpy                  0x800'8f8d          Code  Gb  strncpy.o [4]
ucHeap                  0x1000'0000  0x8000  Data  Gb  main.o [1]
ucMaxSysCallPriority    0x2000'0b26     0x1  Data  Lc  port.o [1]
ulMaxPRIGROUPValue      0x2000'0ad8     0x4  Data  Lc  port.o [1]
uwTickFreq              0x2000'0058     0x1  Data  Gb  stm32l4xx_hal.o [1]
uwTickPrio              0x2000'0018     0x4  Data  Gb  stm32l4xx_hal.o [1]
uxCriticalNesting       0x2000'0014     0x4  Data  Lc  port.o [1]
uxCurrentNumberOfTasks  0x2000'0aec     0x4  Data  Lc  tasks.o [1]
uxDeletedTasksWaitingCleanUp
                        0x2000'0ae8     0x4  Data  Lc  tasks.o [1]
uxListRemove             0x800'88eb    0x28  Code  Gb  list.o [1]
uxQueueMessagesWaiting   0x800'7335    0x26  Code  Gb  queue.o [1]
uxQueueSpacesAvailable   0x800'735b    0x2c  Code  Gb  queue.o [1]
uxSchedulerSuspended    0x2000'0b14     0x4  Data  Lc  tasks.o [1]
uxTaskNumber            0x2000'0b08     0x4  Data  Lc  tasks.o [1]
uxTopReadyPriority      0x2000'0af4     0x4  Data  Lc  tasks.o [1]
vApplicationGetIdleTaskMemory
                         0x800'8b9d    0x18  Code  Gb  freertos.o [1]
vCLI_ConsoleTask         0x800'8495    0x6e  Code  Gb  hsCLI_App.o [1]
vListInitialise          0x800'8879    0x1e  Code  Gb  list.o [1]
vListInitialiseItem      0x800'8897     0x6  Code  Gb  list.o [1]
vListInsert              0x800'88b5    0x36  Code  Gb  list.o [1]
vListInsertEnd           0x800'889d    0x18  Code  Gb  list.o [1]
vPortEnableVFP           0x800'8f0d          Code  Gb  portasm.o [1]
vPortEnterCritical       0x800'873d    0x34  Code  Gb  port.o [1]
vPortExitCritical        0x800'8771    0x2c  Code  Gb  port.o [1]
vPortFree                0x800'8a3d    0x7c  Code  Gb  heap_4.o [1]
vPortStartFirstTask      0x800'8eed          Code  Gb  portasm.o [1]
vPortValidateInterruptPriority
                         0x800'87c5    0x4e  Code  Gb  port.o [1]
vRegisterCLICommands     0x800'85bf    0x1c  Code  Gb  hsCLI_App.o [1]
vTaskDelay               0x800'7791    0x4e  Code  Gb  tasks.o [1]
vTaskInternalSetTimeOutState
                         0x800'7c97    0x12  Code  Gb  tasks.o [1]
vTaskMissedYield         0x800'7d4f     0xa  Code  Gb  tasks.o [1]
vTaskPlaceOnEventList    0x800'7be7    0x34  Code  Gb  tasks.o [1]
vTaskPriorityDisinheritAfterTimeout
                         0x800'800d    0xde  Code  Gb  tasks.o [1]
vTaskPrioritySet         0x800'77df   0x10a  Code  Gb  tasks.o [1]
vTaskStartScheduler      0x800'78e9    0x90  Code  Gb  tasks.o [1]
vTaskSuspendAll          0x800'7979     0xc  Code  Gb  tasks.o [1]
vTaskSwitchContext       0x800'7b79    0x6e  Code  Gb  tasks.o [1]
vsnprintf                0x800'8f29    0x3c  Code  Gb  vsnprint.o [2]
xBlockAllocatedBit      0x2000'0aa8     0x4  Data  Lc  heap_4.o [1]
xCommandList             0x800'9218    0x30  Data  Gb  hsCLI_Command.o [1]
xDelayedTaskList1       0x2000'0a04    0x14  Data  Lc  tasks.o [1]
xDelayedTaskList2       0x2000'0a18    0x14  Data  Lc  tasks.o [1]
xFreeBytesRemaining     0x2000'0a98     0x4  Data  Lc  heap_4.o [1]
xHeapStructSize          0x800'94ac     0x4  Data  Lc  heap_4.o [1]
xHelpCommand             0x800'9408    0x10  Data  Lc  FreeRTOS_CLI.o [1]
xIdleStack              0x2000'005c   0x200  Data  Lc  freertos.o [1]
xIdleTaskHandle         0x2000'0b10     0x4  Data  Lc  tasks.o [1]
xIdleTaskTCBBuffer      0x2000'0710    0x54  Data  Lc  freertos.o [1]
xMinimumEverFreeBytesRemaining
                        0x2000'0a9c     0x4  Data  Lc  heap_4.o [1]
xNextTaskUnblockTime    0x2000'0b0c     0x4  Data  Lc  tasks.o [1]
xNumOfOverflows         0x2000'0b04     0x4  Data  Lc  tasks.o [1]
xNumberOfSuccessfulAllocations
                        0x2000'0aa0     0x4  Data  Lc  heap_4.o [1]
xNumberOfSuccessfulFrees
                        0x2000'0aa4     0x4  Data  Lc  heap_4.o [1]
xPendedTicks            0x2000'0afc     0x4  Data  Lc  tasks.o [1]
xPendingReadyList       0x2000'0a2c    0x14  Data  Lc  tasks.o [1]
xPortStartScheduler      0x800'866f    0xce  Code  Gb  port.o [1]
xQueueCreateMutex        0x800'6cb7    0x20  Code  Gb  queue.o [1]
xQueueGenericCreate      0x800'6c11    0x52  Code  Gb  queue.o [1]
xQueueGenericReset       0x800'6b7d    0x94  Code  Gb  queue.o [1]
xQueueGenericSend        0x800'6cd7   0x1a6  Code  Gb  queue.o [1]
xQueueGenericSendFromISR
                         0x800'6e7d    0xe4  Code  Gb  queue.o [1]
xQueueGiveFromISR        0x800'6f61    0xc4  Code  Gb  queue.o [1]
xQueueReceive            0x800'7025   0x16a  Code  Gb  queue.o [1]
xQueueSemaphoreTake      0x800'718f   0x1a2  Code  Gb  queue.o [1]
xRegisteredCommands     0x2000'0000     0x8  Data  Lc  FreeRTOS_CLI.o [1]
xSchedulerRunning       0x2000'0af8     0x4  Data  Lc  tasks.o [1]
xStart                  0x2000'0a80     0x8  Data  Lc  heap_4.o [1]
xSuspendedTaskList      0x2000'0a54    0x14  Data  Lc  tasks.o [1]
xTaskCheckForTimeOut     0x800'7cc1    0x8e  Code  Gb  tasks.o [1]
xTaskCreate              0x800'75b3    0x72  Code  Gb  tasks.o [1]
xTaskCreateStatic        0x800'7519    0x9a  Code  Gb  tasks.o [1]
xTaskGetSchedulerState   0x800'7e81    0x20  Code  Gb  tasks.o [1]
xTaskIncrementTick       0x800'7a6d   0x10c  Code  Gb  tasks.o [1]
xTaskPriorityDisinherit
                         0x800'7f53    0xb2  Code  Gb  tasks.o [1]
xTaskPriorityInherit     0x800'7ea5    0xae  Code  Gb  tasks.o [1]
xTaskRemoveFromEventList
                         0x800'7c1b    0x7c  Code  Gb  tasks.o [1]
xTaskResumeAll           0x800'7985    0xe8  Code  Gb  tasks.o [1]
xTasksWaitingTermination
                        0x2000'0a40    0x14  Data  Lc  tasks.o [1]
xTickCount              0x2000'0af0     0x4  Data  Lc  tasks.o [1]
xYieldPending           0x2000'0b00     0x4  Data  Lc  tasks.o [1]


[1] = D:\Project\MyProject\FW_BASE\FW_BASE_Frame\EWARM\HS_FW_BFrame\Obj
[2] = dl7M_tlf.a
[3] = m7M_tls.a
[4] = rt7M_tl.a
[5] = shb_l.a

  37'641 bytes of readonly  code memory
     803 bytes of readonly  data memory
  36'644 bytes of readwrite data memory

Errors: none
Warnings: none
